DEBUG:root:Pizza created: Sicilian ($18)
DEBUG:root:Made 5 Sicilian pizza(s)
DEBUG:root:Ate 4 pizza(s)
DEBUG:root:Pizza created: quattro formaggi ($16)
DEBUG:root:Made 2 quattro formaggi pizza(s)
DEBUG:root:Ate 2 pizza(s)
DEBUG:root:Pizza created: Sicilian ($18)
DEBUG:root:Made 5 Sicilian pizza(s)
DEBUG:root:Ate 4 pizza(s)
DEBUG:root:Pizza created: quattro formaggi ($16)
DEBUG:root:Made 2 quattro formaggi pizza(s)
DEBUG:root:Ate 2 pizza(s)
